2025-05-14 08:54:37.837 [HikariPool-1 housekeeper] WARN  com.zaxxer.hikari.pool.HikariPool - HikariPool-1 - Thread starvation or clock leap detected (housekeeper delta=12h52m48s896ms445µs700ns).
2025-05-14 09:18:08.750 [SpringApplicationShutdownHook] INFO  com.zaxxer.hikari.HikariDataSource - HikariPool-1 - Shutdown initiated...
2025-05-14 09:18:08.909 [SpringApplicationShutdownHook] INFO  com.zaxxer.hikari.HikariDataSource - HikariPool-1 - Shutdown completed.
2025-05-14 10:25:51.176 [background-preinit] INFO  o.h.validator.internal.util.Version - HV000001: Hibernate Validator 8.0.0.Final
2025-05-14 10:25:51.274 [main] INFO  com.paob.tms.TmsApplication - Starting TmsApplication using Java 17.0.0.1 with PID 16364 (D:\work\paob_tms1\target\classes started by wangxiaowen in D:\work\paob_tms1)
2025-05-14 10:25:51.274 [main] DEBUG com.paob.tms.TmsApplication - Running with Spring Boot v3.1.0, Spring v6.0.9
2025-05-14 10:25:51.279 [main] INFO  com.paob.tms.TmsApplication - The following 1 profile is active: "dev"
2025-05-14 10:25:56.430 [main] INFO  o.s.b.w.e.tomcat.TomcatWebServer - Tomcat initialized with port(s): 8080 (http)
2025-05-14 10:25:56.458 [main] INFO  o.a.coyote.http11.Http11NioProtocol - Initializing ProtocolHandler ["http-nio-8080"]
2025-05-14 10:25:56.458 [main] INFO  o.a.catalina.core.StandardService - Starting service [Tomcat]
2025-05-14 10:25:56.460 [main] INFO  o.a.catalina.core.StandardEngine - Starting Servlet engine: [Apache Tomcat/10.1.8]
2025-05-14 10:25:56.781 [main] INFO  o.a.c.c.C.[Tomcat].[localhost].[/] - Initializing Spring embedded WebApplicationContext
2025-05-14 10:25:56.781 [main] INFO  o.s.b.w.s.c.ServletWebServerApplicationContext - Root WebApplicationContext: initialization completed in 5384 ms
2025-05-14 10:25:57.889 [main] WARN  c.b.m.c.injector.DefaultSqlInjector - class com.paob.tms.model.FpsDwRepo ,Not found @TableId annotation, Cannot use Mybatis-Plus 'xxById' Method.
2025-05-14 10:25:57.909 [main] WARN  c.b.m.c.injector.DefaultSqlInjector - class com.paob.tms.model.RiskMonitoring ,Not found @TableId annotation, Cannot use Mybatis-Plus 'xxById' Method.
2025-05-14 10:25:57.969 [main] WARN  c.b.m.c.injector.DefaultSqlInjector - class com.paob.tms.dto.resp.SelectOptionResp ,Not found @TableId annotation, Cannot use Mybatis-Plus 'xxById' Method.
2025-05-14 10:25:58.003 [main] WARN  c.b.m.c.injector.DefaultSqlInjector - class com.paob.tms.dto.resp.SubjectBalanceDetailResp ,Not found @TableId annotation, Cannot use Mybatis-Plus 'xxById' Method.
2025-05-14 10:25:59.502 [main] WARN  o.s.b.a.s.s.UserDetailsServiceAutoConfiguration - 

Using generated security password: fc91f673-4a1c-45a4-9fb1-603937dac9c9

This generated password is for development use only. Your security configuration must be updated before running your application in production.

2025-05-14 10:26:00.195 [main] INFO  o.s.s.web.DefaultSecurityFilterChain - Will secure any request with [org.springframework.security.web.session.DisableEncodeUrlFilter@5ef2cbe6, org.springframework.security.web.context.request.async.WebAsyncManagerIntegrationFilter@266da047, org.springframework.security.web.context.SecurityContextHolderFilter@67941d, org.springframework.security.web.header.HeaderWriterFilter@205159dc, org.springframework.security.web.authentication.logout.LogoutFilter@3688baab, org.springframework.security.web.savedrequest.RequestCacheAwareFilter@6fde6f05, org.springframework.security.web.servletapi.SecurityContextHolderAwareRequestFilter@6eabe718, org.springframework.security.web.authentication.AnonymousAuthenticationFilter@68b7bdcb, org.springframework.security.web.access.ExceptionTranslationFilter@20820df0, org.springframework.security.web.access.intercept.AuthorizationFilter@3ad847f8]
2025-05-14 10:26:00.673 [main] INFO  o.a.coyote.http11.Http11NioProtocol - Starting ProtocolHandler ["http-nio-8080"]
2025-05-14 10:26:00.713 [main] INFO  o.s.b.w.e.tomcat.TomcatWebServer - Tomcat started on port(s): 8080 (http) with context path ''
2025-05-14 10:26:00.730 [main] INFO  com.paob.tms.TmsApplication - Started TmsApplication in 10.684 seconds (process running for 12.473)
