2025-05-08 10:47:14.383 [HikariPool-1 housekeeper] WARN  com.zaxxer.hikari.pool.HikariPool - HikariPool-1 - Thread starvation or clock leap detected (housekeeper delta=19h29m30s585ms917µs300ns).
2025-05-08 13:30:34.271 [HikariPool-1 housekeeper] WARN  com.zaxxer.hikari.pool.HikariPool - HikariPool-1 - Thread starvation or clock leap detected (housekeeper delta=54m16s22ms457µs).
2025-05-08 19:19:21.524 [HikariPool-1 housekeeper] WARN  com.zaxxer.hikari.pool.HikariPool - HikariPool-1 - Thread starvation or clock leap detected (housekeeper delta=10m43s515ms808µs600ns).
2025-05-08 19:38:33.841 [SpringApplicationShutdownHook] INFO  com.zaxxer.hikari.HikariDataSource - HikariPool-1 - Shutdown initiated...
2025-05-08 19:38:33.994 [SpringApplicationShutdownHook] INFO  com.zaxxer.hikari.HikariDataSource - HikariPool-1 - Shutdown completed.
2025-05-08 19:46:47.893 [background-preinit] INFO  o.h.validator.internal.util.Version - HV000001: Hibernate Validator 8.0.0.Final
2025-05-08 19:46:47.976 [main] INFO  com.paob.tms.TmsApplication - Starting TmsApplication using Java 17.0.0.1 with PID 27296 (D:\work\paob_tms1\target\classes started by wangxiaowen in D:\work\paob_tms1)
2025-05-08 19:46:47.976 [main] DEBUG com.paob.tms.TmsApplication - Running with Spring Boot v3.1.0, Spring v6.0.9
2025-05-08 19:46:47.976 [main] INFO  com.paob.tms.TmsApplication - The following 1 profile is active: "dev"
2025-05-08 19:46:52.438 [main] INFO  o.s.b.w.e.tomcat.TomcatWebServer - Tomcat initialized with port(s): 8080 (http)
2025-05-08 19:46:52.453 [main] INFO  o.a.coyote.http11.Http11NioProtocol - Initializing ProtocolHandler ["http-nio-8080"]
2025-05-08 19:46:52.453 [main] INFO  o.a.catalina.core.StandardService - Starting service [Tomcat]
2025-05-08 19:46:52.453 [main] INFO  o.a.catalina.core.StandardEngine - Starting Servlet engine: [Apache Tomcat/10.1.8]
2025-05-08 19:46:52.613 [main] INFO  o.a.c.c.C.[Tomcat].[localhost].[/] - Initializing Spring embedded WebApplicationContext
2025-05-08 19:46:52.613 [main] INFO  o.s.b.w.s.c.ServletWebServerApplicationContext - Root WebApplicationContext: initialization completed in 4551 ms
2025-05-08 19:46:53.692 [main] WARN  c.b.m.c.injector.DefaultSqlInjector - class com.paob.tms.model.FpsDwRepo ,Not found @TableId annotation, Cannot use Mybatis-Plus 'xxById' Method.
2025-05-08 19:46:53.731 [main] WARN  c.b.m.c.injector.DefaultSqlInjector - class com.paob.tms.model.RiskMonitoring ,Not found @TableId annotation, Cannot use Mybatis-Plus 'xxById' Method.
2025-05-08 19:46:54.197 [main] WARN  o.s.b.w.s.c.AnnotationConfigServletWebServerApplicationContext - Exception encountered during context initialization - cancelling refresh attempt: org.springframework.beans.factory.UnsatisfiedDependencyException: Error creating bean with name 'accrualServiceImpl' defined in file [D:\work\paob_tms1\target\classes\com\paob\tms\service\impl\AccrualServiceImpl.class]: Unsatisfied dependency expressed through constructor parameter 0: Error creating bean with name 'accrualMapper' defined in file [D:\work\paob_tms1\target\classes\com\paob\tms\mapper\AccrualMapper.class]: Unsatisfied dependency expressed through bean property 'sqlSessionFactory': Error creating bean with name 'sqlSessionFactory' defined in class path resource [com/baomidou/mybatisplus/autoconfigure/MybatisPlusAutoConfiguration.class]: Failed to instantiate [org.apache.ibatis.session.SqlSessionFactory]: Factory method 'sqlSessionFactory' threw exception with message: Failed to parse mapping resource: 'file [D:\work\paob_tms1\target\classes\mapper\TmsSubjectBalanceMapper.xml]'
2025-05-08 19:46:54.197 [main] INFO  o.a.catalina.core.StandardService - Stopping service [Tomcat]
2025-05-08 19:46:54.238 [main] INFO  o.s.b.a.l.ConditionEvaluationReportLogger - 

Error starting ApplicationContext. To display the condition evaluation report re-run your application with 'debug' enabled.
2025-05-08 19:46:54.286 [main] ERROR o.s.boot.SpringApplication - Application run failed
org.springframework.beans.factory.UnsatisfiedDependencyException: Error creating bean with name 'accrualServiceImpl' defined in file [D:\work\paob_tms1\target\classes\com\paob\tms\service\impl\AccrualServiceImpl.class]: Unsatisfied dependency expressed through constructor parameter 0: Error creating bean with name 'accrualMapper' defined in file [D:\work\paob_tms1\target\classes\com\paob\tms\mapper\AccrualMapper.class]: Unsatisfied dependency expressed through bean property 'sqlSessionFactory': Error creating bean with name 'sqlSessionFactory' defined in class path resource [com/baomidou/mybatisplus/autoconfigure/MybatisPlusAutoConfiguration.class]: Failed to instantiate [org.apache.ibatis.session.SqlSessionFactory]: Factory method 'sqlSessionFactory' threw exception with message: Failed to parse mapping resource: 'file [D:\work\paob_tms1\target\classes\mapper\TmsSubjectBalanceMapper.xml]'
	at org.springframework.beans.factory.support.ConstructorResolver.createArgumentArray(ConstructorResolver.java:800)
	at org.springframework.beans.factory.support.ConstructorResolver.autowireConstructor(ConstructorResolver.java:245)
	at org.springframework.beans.factory.support.AbstractAutowireCapableBeanFactory.autowireConstructor(AbstractAutowireCapableBeanFactory.java:1352)
	at org.springframework.beans.factory.support.AbstractAutowireCapableBeanFactory.createBeanInstance(AbstractAutowireCapableBeanFactory.java:1189)
	at org.springframework.beans.factory.support.AbstractAutowireCapableBeanFactory.doCreateBean(AbstractAutowireCapableBeanFactory.java:560)
	at org.springframework.beans.factory.support.AbstractAutowireCapableBeanFactory.createBean(AbstractAutowireCapableBeanFactory.java:520)
	at org.springframework.beans.factory.support.AbstractBeanFactory.lambda$doGetBean$0(AbstractBeanFactory.java:326)
	at org.springframework.beans.factory.support.DefaultSingletonBeanRegistry.getSingleton(DefaultSingletonBeanRegistry.java:234)
	at org.springframework.beans.factory.support.AbstractBeanFactory.doGetBean(AbstractBeanFactory.java:324)
	at org.springframework.beans.factory.support.AbstractBeanFactory.getBean(AbstractBeanFactory.java:200)
	at org.springframework.beans.factory.support.DefaultListableBeanFactory.preInstantiateSingletons(DefaultListableBeanFactory.java:973)
	at org.springframework.context.support.AbstractApplicationContext.finishBeanFactoryInitialization(AbstractApplicationContext.java:941)
	at org.springframework.context.support.AbstractApplicationContext.refresh(AbstractApplicationContext.java:608)
	at org.springframework.boot.web.servlet.context.ServletWebServerApplicationContext.refresh(ServletWebServerApplicationContext.java:146)
	at org.springframework.boot.SpringApplication.refresh(SpringApplication.java:733)
	at org.springframework.boot.SpringApplication.refreshContext(SpringApplication.java:435)
	at org.springframework.boot.SpringApplication.run(SpringApplication.java:311)
	at org.springframework.boot.SpringApplication.run(SpringApplication.java:1305)
	at org.springframework.boot.SpringApplication.run(SpringApplication.java:1294)
	at com.paob.tms.TmsApplication.main(TmsApplication.java:14)
Caused by: org.springframework.beans.factory.UnsatisfiedDependencyException: Error creating bean with name 'accrualMapper' defined in file [D:\work\paob_tms1\target\classes\com\paob\tms\mapper\AccrualMapper.class]: Unsatisfied dependency expressed through bean property 'sqlSessionFactory': Error creating bean with name 'sqlSessionFactory' defined in class path resource [com/baomidou/mybatisplus/autoconfigure/MybatisPlusAutoConfiguration.class]: Failed to instantiate [org.apache.ibatis.session.SqlSessionFactory]: Factory method 'sqlSessionFactory' threw exception with message: Failed to parse mapping resource: 'file [D:\work\paob_tms1\target\classes\mapper\TmsSubjectBalanceMapper.xml]'
	at org.springframework.beans.factory.support.AbstractAutowireCapableBeanFactory.autowireByType(AbstractAutowireCapableBeanFactory.java:1513)
	at org.springframework.beans.factory.support.AbstractAutowireCapableBeanFactory.populateBean(AbstractAutowireCapableBeanFactory.java:1407)
	at org.springframework.beans.factory.support.AbstractAutowireCapableBeanFactory.doCreateBean(AbstractAutowireCapableBeanFactory.java:597)
	at org.springframework.beans.factory.support.AbstractAutowireCapableBeanFactory.createBean(AbstractAutowireCapableBeanFactory.java:520)
	at org.springframework.beans.factory.support.AbstractBeanFactory.lambda$doGetBean$0(AbstractBeanFactory.java:326)
	at org.springframework.beans.factory.support.DefaultSingletonBeanRegistry.getSingleton(DefaultSingletonBeanRegistry.java:234)
	at org.springframework.beans.factory.support.AbstractBeanFactory.doGetBean(AbstractBeanFactory.java:324)
	at org.springframework.beans.factory.support.AbstractBeanFactory.getBean(AbstractBeanFactory.java:200)
	at org.springframework.beans.factory.config.DependencyDescriptor.resolveCandidate(DependencyDescriptor.java:254)
	at org.springframework.beans.factory.support.DefaultListableBeanFactory.doResolveDependency(DefaultListableBeanFactory.java:1417)
	at org.springframework.beans.factory.support.DefaultListableBeanFactory.resolveDependency(DefaultListableBeanFactory.java:1337)
	at org.springframework.beans.factory.support.ConstructorResolver.resolveAutowiredArgument(ConstructorResolver.java:888)
	at org.springframework.beans.factory.support.ConstructorResolver.createArgumentArray(ConstructorResolver.java:791)
	... 19 common frames omitted
Caused by: org.springframework.beans.factory.BeanCreationException: Error creating bean with name 'sqlSessionFactory' defined in class path resource [com/baomidou/mybatisplus/autoconfigure/MybatisPlusAutoConfiguration.class]: Failed to instantiate [org.apache.ibatis.session.SqlSessionFactory]: Factory method 'sqlSessionFactory' threw exception with message: Failed to parse mapping resource: 'file [D:\work\paob_tms1\target\classes\mapper\TmsSubjectBalanceMapper.xml]'
	at org.springframework.beans.factory.support.ConstructorResolver.instantiate(ConstructorResolver.java:659)
	at org.springframework.beans.factory.support.ConstructorResolver.instantiateUsingFactoryMethod(ConstructorResolver.java:647)
	at org.springframework.beans.factory.support.AbstractAutowireCapableBeanFactory.instantiateUsingFactoryMethod(AbstractAutowireCapableBeanFactory.java:1332)
	at org.springframework.beans.factory.support.AbstractAutowireCapableBeanFactory.createBeanInstance(AbstractAutowireCapableBeanFactory.java:1162)
	at org.springframework.beans.factory.support.AbstractAutowireCapableBeanFactory.doCreateBean(AbstractAutowireCapableBeanFactory.java:560)
	at org.springframework.beans.factory.support.AbstractAutowireCapableBeanFactory.createBean(AbstractAutowireCapableBeanFactory.java:520)
	at org.springframework.beans.factory.support.AbstractBeanFactory.lambda$doGetBean$0(AbstractBeanFactory.java:326)
	at org.springframework.beans.factory.support.DefaultSingletonBeanRegistry.getSingleton(DefaultSingletonBeanRegistry.java:234)
	at org.springframework.beans.factory.support.AbstractBeanFactory.doGetBean(AbstractBeanFactory.java:324)
	at org.springframework.beans.factory.support.AbstractBeanFactory.getBean(AbstractBeanFactory.java:200)
	at org.springframework.beans.factory.config.DependencyDescriptor.resolveCandidate(DependencyDescriptor.java:254)
	at org.springframework.beans.factory.support.DefaultListableBeanFactory.doResolveDependency(DefaultListableBeanFactory.java:1417)
	at org.springframework.beans.factory.support.DefaultListableBeanFactory.resolveDependency(DefaultListableBeanFactory.java:1337)
	at org.springframework.beans.factory.support.AbstractAutowireCapableBeanFactory.autowireByType(AbstractAutowireCapableBeanFactory.java:1498)
	... 31 common frames omitted
Caused by: org.springframework.beans.BeanInstantiationException: Failed to instantiate [org.apache.ibatis.session.SqlSessionFactory]: Factory method 'sqlSessionFactory' threw exception with message: Failed to parse mapping resource: 'file [D:\work\paob_tms1\target\classes\mapper\TmsSubjectBalanceMapper.xml]'
	at org.springframework.beans.factory.support.SimpleInstantiationStrategy.instantiate(SimpleInstantiationStrategy.java:171)
	at org.springframework.beans.factory.support.ConstructorResolver.instantiate(ConstructorResolver.java:655)
	... 44 common frames omitted
Caused by: java.io.IOException: Failed to parse mapping resource: 'file [D:\work\paob_tms1\target\classes\mapper\TmsSubjectBalanceMapper.xml]'
	at com.baomidou.mybatisplus.extension.spring.MybatisSqlSessionFactoryBean.buildSqlSessionFactory(MybatisSqlSessionFactoryBean.java:572)
	at com.baomidou.mybatisplus.extension.spring.MybatisSqlSessionFactoryBean.afterPropertiesSet(MybatisSqlSessionFactoryBean.java:440)
	at com.baomidou.mybatisplus.extension.spring.MybatisSqlSessionFactoryBean.getObject(MybatisSqlSessionFactoryBean.java:605)
	at com.baomidou.mybatisplus.autoconfigure.MybatisPlusAutoConfiguration.sqlSessionFactory(MybatisPlusAutoConfiguration.java:235)
	at java.base/jdk.internal.reflect.NativeMethodAccessorImpl.invoke0(Native Method)
	at java.base/jdk.internal.reflect.NativeMethodAccessorImpl.invoke(NativeMethodAccessorImpl.java:77)
	at java.base/jdk.internal.reflect.DelegatingMethodAccessorImpl.invoke(DelegatingMethodAccessorImpl.java:43)
	at java.base/java.lang.reflect.Method.invoke(Method.java:568)
	at org.springframework.beans.factory.support.SimpleInstantiationStrategy.instantiate(SimpleInstantiationStrategy.java:139)
	... 45 common frames omitted
Caused by: org.apache.ibatis.builder.BuilderException: Error parsing Mapper XML. The XML location is 'file [D:\work\paob_tms1\target\classes\mapper\TmsSubjectBalanceMapper.xml]'. Cause: org.apache.ibatis.builder.BuilderException: Error resolving class. Cause: org.apache.ibatis.type.TypeException: Could not resolve type alias 'com.paob.tms.entity.TmsSubjectBalance'.  Cause: java.lang.ClassNotFoundException: Cannot find class: com.paob.tms.entity.TmsSubjectBalance
	at org.apache.ibatis.builder.xml.XMLMapperBuilder.configurationElement(XMLMapperBuilder.java:128)
	at org.apache.ibatis.builder.xml.XMLMapperBuilder.parse(XMLMapperBuilder.java:100)
	at com.baomidou.mybatisplus.extension.spring.MybatisSqlSessionFactoryBean.buildSqlSessionFactory(MybatisSqlSessionFactoryBean.java:570)
	... 53 common frames omitted
Caused by: org.apache.ibatis.builder.BuilderException: Error resolving class. Cause: org.apache.ibatis.type.TypeException: Could not resolve type alias 'com.paob.tms.entity.TmsSubjectBalance'.  Cause: java.lang.ClassNotFoundException: Cannot find class: com.paob.tms.entity.TmsSubjectBalance
	at org.apache.ibatis.builder.BaseBuilder.resolveClass(BaseBuilder.java:118)
	at org.apache.ibatis.builder.xml.XMLStatementBuilder.parseStatementNode(XMLStatementBuilder.java:105)
	at org.apache.ibatis.builder.xml.XMLMapperBuilder.buildStatementFromContext(XMLMapperBuilder.java:144)
	at org.apache.ibatis.builder.xml.XMLMapperBuilder.buildStatementFromContext(XMLMapperBuilder.java:136)
	at org.apache.ibatis.builder.xml.XMLMapperBuilder.configurationElement(XMLMapperBuilder.java:126)
	... 55 common frames omitted
Caused by: org.apache.ibatis.type.TypeException: Could not resolve type alias 'com.paob.tms.entity.TmsSubjectBalance'.  Cause: java.lang.ClassNotFoundException: Cannot find class: com.paob.tms.entity.TmsSubjectBalance
	at org.apache.ibatis.type.TypeAliasRegistry.resolveAlias(TypeAliasRegistry.java:128)
	at org.apache.ibatis.builder.BaseBuilder.resolveAlias(BaseBuilder.java:150)
	at org.apache.ibatis.builder.BaseBuilder.resolveClass(BaseBuilder.java:116)
	... 59 common frames omitted
Caused by: java.lang.ClassNotFoundException: Cannot find class: com.paob.tms.entity.TmsSubjectBalance
	at org.apache.ibatis.io.ClassLoaderWrapper.classForName(ClassLoaderWrapper.java:226)
	at org.apache.ibatis.io.ClassLoaderWrapper.classForName(ClassLoaderWrapper.java:103)
	at org.apache.ibatis.io.Resources.classForName(Resources.java:322)
	at org.apache.ibatis.type.TypeAliasRegistry.resolveAlias(TypeAliasRegistry.java:124)
	... 61 common frames omitted
2025-05-08 19:47:57.223 [background-preinit] INFO  o.h.validator.internal.util.Version - HV000001: Hibernate Validator 8.0.0.Final
2025-05-08 19:47:57.308 [main] INFO  com.paob.tms.TmsApplication - Starting TmsApplication using Java 17.0.0.1 with PID 5204 (D:\work\paob_tms1\target\classes started by wangxiaowen in D:\work\paob_tms1)
2025-05-08 19:47:57.310 [main] DEBUG com.paob.tms.TmsApplication - Running with Spring Boot v3.1.0, Spring v6.0.9
2025-05-08 19:47:57.310 [main] INFO  com.paob.tms.TmsApplication - The following 1 profile is active: "dev"
2025-05-08 19:48:01.033 [main] INFO  o.s.b.w.e.tomcat.TomcatWebServer - Tomcat initialized with port(s): 8080 (http)
2025-05-08 19:48:01.049 [main] INFO  o.a.coyote.http11.Http11NioProtocol - Initializing ProtocolHandler ["http-nio-8080"]
2025-05-08 19:48:01.049 [main] INFO  o.a.catalina.core.StandardService - Starting service [Tomcat]
2025-05-08 19:48:01.049 [main] INFO  o.a.catalina.core.StandardEngine - Starting Servlet engine: [Apache Tomcat/10.1.8]
2025-05-08 19:48:01.302 [main] INFO  o.a.c.c.C.[Tomcat].[localhost].[/] - Initializing Spring embedded WebApplicationContext
2025-05-08 19:48:01.302 [main] INFO  o.s.b.w.s.c.ServletWebServerApplicationContext - Root WebApplicationContext: initialization completed in 3890 ms
2025-05-08 19:48:02.229 [main] WARN  c.b.m.c.injector.DefaultSqlInjector - class com.paob.tms.model.FpsDwRepo ,Not found @TableId annotation, Cannot use Mybatis-Plus 'xxById' Method.
2025-05-08 19:48:02.269 [main] WARN  c.b.m.c.injector.DefaultSqlInjector - class com.paob.tms.model.RiskMonitoring ,Not found @TableId annotation, Cannot use Mybatis-Plus 'xxById' Method.
2025-05-08 19:48:03.776 [main] WARN  o.s.b.a.s.s.UserDetailsServiceAutoConfiguration - 

Using generated security password: 1021f25b-ed96-42b7-8074-1b9f0d986d6c

This generated password is for development use only. Your security configuration must be updated before running your application in production.

2025-05-08 19:48:04.532 [main] INFO  o.s.s.web.DefaultSecurityFilterChain - Will secure any request with [org.springframework.security.web.session.DisableEncodeUrlFilter@4f8659d0, org.springframework.security.web.context.request.async.WebAsyncManagerIntegrationFilter@278fe428, org.springframework.security.web.context.SecurityContextHolderFilter@ee2ae9a, org.springframework.security.web.header.HeaderWriterFilter@1f39269d, org.springframework.security.web.authentication.logout.LogoutFilter@1182d1df, org.springframework.security.web.savedrequest.RequestCacheAwareFilter@26994c6a, org.springframework.security.web.servletapi.SecurityContextHolderAwareRequestFilter@5885e231, org.springframework.security.web.authentication.AnonymousAuthenticationFilter@3b4bd341, org.springframework.security.web.access.ExceptionTranslationFilter@58186f9f, org.springframework.security.web.access.intercept.AuthorizationFilter@350bbd5d]
2025-05-08 19:48:05.265 [main] INFO  o.a.coyote.http11.Http11NioProtocol - Starting ProtocolHandler ["http-nio-8080"]
2025-05-08 19:48:05.333 [main] INFO  o.s.b.w.e.tomcat.TomcatWebServer - Tomcat started on port(s): 8080 (http) with context path ''
2025-05-08 19:48:05.358 [main] INFO  com.paob.tms.TmsApplication - Started TmsApplication in 9.157 seconds (process running for 9.861)
2025-05-08 20:00:30.221 [background-preinit] INFO  o.h.validator.internal.util.Version - HV000001: Hibernate Validator 8.0.0.Final
2025-05-08 20:00:30.326 [main] INFO  com.paob.tms.TmsApplication - Starting TmsApplication using Java 17.0.0.1 with PID 24108 (D:\work\paob_tms1\target\classes started by wangxiaowen in D:\work\paob_tms1)
2025-05-08 20:00:30.326 [main] DEBUG com.paob.tms.TmsApplication - Running with Spring Boot v3.1.0, Spring v6.0.9
2025-05-08 20:00:30.326 [main] INFO  com.paob.tms.TmsApplication - The following 1 profile is active: "dev"
2025-05-08 20:00:34.986 [main] INFO  o.s.b.w.e.tomcat.TomcatWebServer - Tomcat initialized with port(s): 8080 (http)
2025-05-08 20:00:34.986 [main] INFO  o.a.coyote.http11.Http11NioProtocol - Initializing ProtocolHandler ["http-nio-8080"]
2025-05-08 20:00:35.001 [main] INFO  o.a.catalina.core.StandardService - Starting service [Tomcat]
2025-05-08 20:00:35.001 [main] INFO  o.a.catalina.core.StandardEngine - Starting Servlet engine: [Apache Tomcat/10.1.8]
2025-05-08 20:00:35.160 [main] INFO  o.a.c.c.C.[Tomcat].[localhost].[/] - Initializing Spring embedded WebApplicationContext
2025-05-08 20:00:35.160 [main] INFO  o.s.b.w.s.c.ServletWebServerApplicationContext - Root WebApplicationContext: initialization completed in 4697 ms
2025-05-08 20:00:36.137 [main] WARN  c.b.m.c.injector.DefaultSqlInjector - class com.paob.tms.model.FpsDwRepo ,Not found @TableId annotation, Cannot use Mybatis-Plus 'xxById' Method.
2025-05-08 20:00:36.168 [main] WARN  c.b.m.c.injector.DefaultSqlInjector - class com.paob.tms.model.RiskMonitoring ,Not found @TableId annotation, Cannot use Mybatis-Plus 'xxById' Method.
2025-05-08 20:00:36.200 [main] WARN  c.b.m.c.injector.DefaultSqlInjector - class com.paob.tms.dto.resp.SubjectBalanceDetailResp ,Not found @TableId annotation, Cannot use Mybatis-Plus 'xxById' Method.
2025-05-08 20:00:37.610 [main] WARN  o.s.b.a.s.s.UserDetailsServiceAutoConfiguration - 

Using generated security password: 509d1073-21a3-49f5-8c6b-5f12fb6d1e24

This generated password is for development use only. Your security configuration must be updated before running your application in production.

2025-05-08 20:00:38.269 [main] INFO  o.s.s.web.DefaultSecurityFilterChain - Will secure any request with [org.springframework.security.web.session.DisableEncodeUrlFilter@8383a14, org.springframework.security.web.context.request.async.WebAsyncManagerIntegrationFilter@4b691611, org.springframework.security.web.context.SecurityContextHolderFilter@5beb6be2, org.springframework.security.web.header.HeaderWriterFilter@54b44879, org.springframework.security.web.authentication.logout.LogoutFilter@55fb36de, org.springframework.security.web.savedrequest.RequestCacheAwareFilter@1182d1df, org.springframework.security.web.servletapi.SecurityContextHolderAwareRequestFilter@4b544732, org.springframework.security.web.authentication.AnonymousAuthenticationFilter@395a573c, org.springframework.security.web.access.ExceptionTranslationFilter@15d88c10, org.springframework.security.web.access.intercept.AuthorizationFilter@192b472d]
2025-05-08 20:00:38.732 [main] INFO  o.a.coyote.http11.Http11NioProtocol - Starting ProtocolHandler ["http-nio-8080"]
2025-05-08 20:00:38.784 [main] INFO  o.s.b.w.e.tomcat.TomcatWebServer - Tomcat started on port(s): 8080 (http) with context path ''
2025-05-08 20:00:38.802 [main] INFO  com.paob.tms.TmsApplication - Started TmsApplication in 9.717 seconds (process running for 10.962)
2025-05-08 20:00:44.783 [http-nio-8080-exec-1] INFO  o.a.c.c.C.[Tomcat].[localhost].[/] - Initializing Spring DispatcherServlet 'dispatcherServlet'
2025-05-08 20:00:44.784 [http-nio-8080-exec-1] INFO  o.s.web.servlet.DispatcherServlet - Initializing Servlet 'dispatcherServlet'
2025-05-08 20:00:44.789 [http-nio-8080-exec-1] INFO  o.s.web.servlet.DispatcherServlet - Completed initialization in 5 ms
2025-05-08 20:00:48.208 [http-nio-8080-exec-6] INFO  o.s.api.AbstractOpenApiResource - Init duration for springdoc-openapi is: 2085 ms
