2025-05-07 08:56:03.773 [HikariPool-1 housekeeper] WARN  com.zaxxer.hikari.pool.HikariPool - HikariPool-1 - Thread starvation or clock leap detected (housekeeper delta=12h53m10s304ms67µs200ns).
2025-05-07 09:03:48.232 [SpringApplicationShutdownHook] INFO  com.zaxxer.hikari.HikariDataSource - HikariPool-1 - Shutdown initiated...
2025-05-07 09:03:48.311 [SpringApplicationShutdownHook] INFO  com.zaxxer.hikari.HikariDataSource - HikariPool-1 - Shutdown completed.
2025-05-07 09:25:15.010 [background-preinit] INFO  o.h.validator.internal.util.Version - HV000001: Hibernate Validator 8.0.0.Final
2025-05-07 09:25:15.243 [main] INFO  com.paob.tms.TmsApplication - Starting TmsApplication using Java 17.0.0.1 with PID 2104 (D:\work\paob_tms1\target\classes started by wangxiaowen in D:\work\paob_tms1)
2025-05-07 09:25:15.243 [main] DEBUG com.paob.tms.TmsApplication - Running with Spring Boot v3.1.0, Spring v6.0.9
2025-05-07 09:25:15.243 [main] INFO  com.paob.tms.TmsApplication - The following 1 profile is active: "dev"
2025-05-07 09:25:21.306 [main] INFO  o.s.b.w.e.tomcat.TomcatWebServer - Tomcat initialized with port(s): 8080 (http)
2025-05-07 09:25:21.314 [main] INFO  o.a.coyote.http11.Http11NioProtocol - Initializing ProtocolHandler ["http-nio-8080"]
2025-05-07 09:25:21.314 [main] INFO  o.a.catalina.core.StandardService - Starting service [Tomcat]
2025-05-07 09:25:21.314 [main] INFO  o.a.catalina.core.StandardEngine - Starting Servlet engine: [Apache Tomcat/10.1.8]
2025-05-07 09:25:21.537 [main] INFO  o.a.c.c.C.[Tomcat].[localhost].[/] - Initializing Spring embedded WebApplicationContext
2025-05-07 09:25:21.537 [main] INFO  o.s.b.w.s.c.ServletWebServerApplicationContext - Root WebApplicationContext: initialization completed in 6049 ms
2025-05-07 09:25:22.682 [main] WARN  c.b.m.c.injector.DefaultSqlInjector - class com.paob.tms.model.FpsDwRepo ,Not found @TableId annotation, Cannot use Mybatis-Plus 'xxById' Method.
2025-05-07 09:25:22.727 [main] WARN  c.b.m.c.injector.DefaultSqlInjector - class com.paob.tms.model.RiskMonitoring ,Not found @TableId annotation, Cannot use Mybatis-Plus 'xxById' Method.
2025-05-07 09:25:24.008 [main] WARN  o.s.b.a.s.s.UserDetailsServiceAutoConfiguration - 

Using generated security password: e764e5c0-a361-40f8-b92c-6c2275ca69a7

This generated password is for development use only. Your security configuration must be updated before running your application in production.

2025-05-07 09:25:24.744 [main] INFO  o.s.s.web.DefaultSecurityFilterChain - Will secure any request with [org.springframework.security.web.session.DisableEncodeUrlFilter@22ca1242, org.springframework.security.web.context.request.async.WebAsyncManagerIntegrationFilter@54b44879, org.springframework.security.web.context.SecurityContextHolderFilter@4597e6e3, org.springframework.security.web.header.HeaderWriterFilter@3ea75b05, org.springframework.security.web.authentication.logout.LogoutFilter@5835e24a, org.springframework.security.web.savedrequest.RequestCacheAwareFilter@5e3d2765, org.springframework.security.web.servletapi.SecurityContextHolderAwareRequestFilter@12209826, org.springframework.security.web.authentication.AnonymousAuthenticationFilter@78288f83, org.springframework.security.web.access.ExceptionTranslationFilter@18e6b72b, org.springframework.security.web.access.intercept.AuthorizationFilter@1d3d76b4]
2025-05-07 09:25:25.236 [main] INFO  o.a.coyote.http11.Http11NioProtocol - Starting ProtocolHandler ["http-nio-8080"]
2025-05-07 09:25:25.284 [main] INFO  o.s.b.w.e.tomcat.TomcatWebServer - Tomcat started on port(s): 8080 (http) with context path ''
2025-05-07 09:25:25.297 [main] INFO  com.paob.tms.TmsApplication - Started TmsApplication in 11.997 seconds (process running for 14.16)
2025-05-07 14:29:00.298 [background-preinit] INFO  o.h.validator.internal.util.Version - HV000001: Hibernate Validator 8.0.0.Final
2025-05-07 14:29:00.443 [main] INFO  com.paob.tms.TmsApplication - Starting TmsApplication using Java 17.0.0.1 with PID 23712 (D:\work\paob_tms1\target\classes started by wangxiaowen in D:\work\paob_tms1)
2025-05-07 14:29:00.460 [main] DEBUG com.paob.tms.TmsApplication - Running with Spring Boot v3.1.0, Spring v6.0.9
2025-05-07 14:29:00.465 [main] INFO  com.paob.tms.TmsApplication - The following 1 profile is active: "dev"
2025-05-07 14:29:06.022 [main] INFO  o.s.b.w.e.tomcat.TomcatWebServer - Tomcat initialized with port(s): 8080 (http)
2025-05-07 14:29:06.058 [main] INFO  o.a.coyote.http11.Http11NioProtocol - Initializing ProtocolHandler ["http-nio-8080"]
2025-05-07 14:29:06.062 [main] INFO  o.a.catalina.core.StandardService - Starting service [Tomcat]
2025-05-07 14:29:06.062 [main] INFO  o.a.catalina.core.StandardEngine - Starting Servlet engine: [Apache Tomcat/10.1.8]
2025-05-07 14:29:06.378 [main] INFO  o.a.c.c.C.[Tomcat].[localhost].[/] - Initializing Spring embedded WebApplicationContext
2025-05-07 14:29:06.384 [main] INFO  o.s.b.w.s.c.ServletWebServerApplicationContext - Root WebApplicationContext: initialization completed in 5734 ms
2025-05-07 14:29:07.889 [main] WARN  c.b.m.c.injector.DefaultSqlInjector - class com.paob.tms.model.FpsDwRepo ,Not found @TableId annotation, Cannot use Mybatis-Plus 'xxById' Method.
2025-05-07 14:29:07.936 [main] WARN  c.b.m.c.injector.DefaultSqlInjector - class com.paob.tms.model.RiskMonitoring ,Not found @TableId annotation, Cannot use Mybatis-Plus 'xxById' Method.
2025-05-07 14:29:09.457 [main] WARN  o.s.b.a.s.s.UserDetailsServiceAutoConfiguration - 

Using generated security password: e2862c0f-ea45-4885-acc5-49b4ea669603

This generated password is for development use only. Your security configuration must be updated before running your application in production.

2025-05-07 14:29:10.218 [main] INFO  o.s.s.web.DefaultSecurityFilterChain - Will secure any request with [org.springframework.security.web.session.DisableEncodeUrlFilter@34ab26a, org.springframework.security.web.context.request.async.WebAsyncManagerIntegrationFilter@259195fe, org.springframework.security.web.context.SecurityContextHolderFilter@30dd00b6, org.springframework.security.web.header.HeaderWriterFilter@6182ffef, org.springframework.security.web.authentication.logout.LogoutFilter@3313463c, org.springframework.security.web.savedrequest.RequestCacheAwareFilter@2c16677c, org.springframework.security.web.servletapi.SecurityContextHolderAwareRequestFilter@1124910c, org.springframework.security.web.authentication.AnonymousAuthenticationFilter@12209826, org.springframework.security.web.access.ExceptionTranslationFilter@2969a9a6, org.springframework.security.web.access.intercept.AuthorizationFilter@41ece227]
2025-05-07 14:29:10.788 [main] INFO  o.a.coyote.http11.Http11NioProtocol - Starting ProtocolHandler ["http-nio-8080"]
2025-05-07 14:29:10.836 [main] INFO  o.s.b.w.e.tomcat.TomcatWebServer - Tomcat started on port(s): 8080 (http) with context path ''
2025-05-07 14:29:10.864 [main] INFO  com.paob.tms.TmsApplication - Started TmsApplication in 12.171 seconds (process running for 13.745)
2025-05-07 14:35:47.113 [http-nio-8080-exec-1] INFO  o.a.c.c.C.[Tomcat].[localhost].[/] - Initializing Spring DispatcherServlet 'dispatcherServlet'
2025-05-07 14:35:47.115 [http-nio-8080-exec-1] INFO  o.s.web.servlet.DispatcherServlet - Initializing Servlet 'dispatcherServlet'
2025-05-07 14:35:47.118 [http-nio-8080-exec-1] INFO  o.s.web.servlet.DispatcherServlet - Completed initialization in 2 ms
2025-05-07 14:35:53.562 [http-nio-8080-exec-4] INFO  o.s.api.AbstractOpenApiResource - Init duration for springdoc-openapi is: 4494 ms
2025-05-07 14:36:44.113 [http-nio-8080-exec-7] INFO  c.p.t.w.controller.JournalController - 导出凭证列表，请求参数：JournalQueryReq(booksNo=null, segment1=null, effectiveDateStart=null, effectiveDateEnd=null, curNo=null, amountMin=null, amountMax=null, journalSequence=null, journalStatus=null, checkBy=null, pageNum=1, pageSize=10)
2025-05-07 14:36:44.458 [http-nio-8080-exec-7] INFO  com.zaxxer.hikari.HikariDataSource - HikariPool-1 - Starting...
2025-05-07 14:36:45.249 [http-nio-8080-exec-7] INFO  com.zaxxer.hikari.pool.HikariPool - HikariPool-1 - Added connection org.postgresql.jdbc.PgConnection@2ff8e971
2025-05-07 14:36:45.253 [http-nio-8080-exec-7] INFO  com.zaxxer.hikari.HikariDataSource - HikariPool-1 - Start completed.
2025-05-07 14:38:04.407 [http-nio-8080-exec-9] INFO  c.p.t.w.controller.JournalController - 下载凭证模板
