2025-05-28 13:38:48.539 [background-preinit] INFO  o.h.validator.internal.util.Version - HV000001: Hibernate Validator 8.0.0.Final
2025-05-28 13:38:48.672 [main] INFO  com.paob.tms.TmsApplication - Starting TmsApplication using Java 17.0.0.1 with PID 23664 (D:\work\paob_tms1\target\classes started by wangxiaowen in D:\work\paob_tms1)
2025-05-28 13:38:48.676 [main] DEBUG com.paob.tms.TmsApplication - Running with Spring Boot v3.1.0, Spring v6.0.9
2025-05-28 13:38:48.691 [main] INFO  com.paob.tms.TmsApplication - The following 1 profile is active: "dev"
2025-05-28 13:38:54.091 [main] INFO  o.s.b.w.e.tomcat.TomcatWebServer - Tomcat initialized with port(s): 8080 (http)
2025-05-28 13:38:54.113 [main] INFO  o.a.coyote.http11.Http11NioProtocol - Initializing ProtocolHandler ["http-nio-8080"]
2025-05-28 13:38:54.115 [main] INFO  o.a.catalina.core.StandardService - Starting service [Tomcat]
2025-05-28 13:38:54.116 [main] INFO  o.a.catalina.core.StandardEngine - Starting Servlet engine: [Apache Tomcat/10.1.8]
2025-05-28 13:38:54.364 [main] INFO  o.a.c.c.C.[Tomcat].[localhost].[/] - Initializing Spring embedded WebApplicationContext
2025-05-28 13:38:54.367 [main] INFO  o.s.b.w.s.c.ServletWebServerApplicationContext - Root WebApplicationContext: initialization completed in 5516 ms
2025-05-28 13:38:55.805 [main] WARN  c.b.m.c.injector.DefaultSqlInjector - class com.paob.tms.model.FpsDwRepo ,Not found @TableId annotation, Cannot use Mybatis-Plus 'xxById' Method.
2025-05-28 13:38:55.856 [main] WARN  c.b.m.c.injector.DefaultSqlInjector - class com.paob.tms.model.RiskMonitoring ,Not found @TableId annotation, Cannot use Mybatis-Plus 'xxById' Method.
2025-05-28 13:38:55.905 [main] WARN  c.b.m.c.injector.DefaultSqlInjector - class com.paob.tms.dto.resp.SelectOptionResp ,Not found @TableId annotation, Cannot use Mybatis-Plus 'xxById' Method.
2025-05-28 13:38:55.961 [main] WARN  c.b.m.c.injector.DefaultSqlInjector - class com.paob.tms.dto.resp.SubjectBalanceDetailResp ,Not found @TableId annotation, Cannot use Mybatis-Plus 'xxById' Method.
2025-05-28 13:38:56.544 [main] WARN  c.b.m.c.injector.DefaultSqlInjector - class com.paob.tms.model.TmsSubjectBalance ,Not found @TableId annotation, Cannot use Mybatis-Plus 'xxById' Method.
2025-05-28 13:38:57.610 [main] WARN  c.b.m.c.injector.DefaultSqlInjector - class com.paob.tms.model.TmsDailyRate ,Not found @TableId annotation, Cannot use Mybatis-Plus 'xxById' Method.
2025-05-28 13:38:58.182 [main] WARN  o.s.b.a.s.s.UserDetailsServiceAutoConfiguration - 

Using generated security password: e741c99a-d2af-4a98-bee4-c743f3e12165

This generated password is for development use only. Your security configuration must be updated before running your application in production.

2025-05-28 13:38:59.291 [main] INFO  o.s.s.web.DefaultSecurityFilterChain - Will secure any request with [org.springframework.security.web.session.DisableEncodeUrlFilter@6f2d3391, org.springframework.security.web.context.request.async.WebAsyncManagerIntegrationFilter@71b0289b, org.springframework.security.web.context.SecurityContextHolderFilter@51132514, org.springframework.security.web.header.HeaderWriterFilter@295b07e0, org.springframework.security.web.authentication.logout.LogoutFilter@5d221b20, org.springframework.security.web.savedrequest.RequestCacheAwareFilter@5c839677, org.springframework.security.web.servletapi.SecurityContextHolderAwareRequestFilter@2b6262bc, org.springframework.security.web.authentication.AnonymousAuthenticationFilter@42cc420b, org.springframework.security.web.access.ExceptionTranslationFilter@63553e9f, org.springframework.security.web.access.intercept.AuthorizationFilter@782cc5fa]
2025-05-28 13:39:00.090 [main] INFO  o.a.coyote.http11.Http11NioProtocol - Starting ProtocolHandler ["http-nio-8080"]
2025-05-28 13:39:00.153 [main] INFO  o.s.b.w.e.tomcat.TomcatWebServer - Tomcat started on port(s): 8080 (http) with context path ''
2025-05-28 13:39:00.187 [main] INFO  com.paob.tms.TmsApplication - Started TmsApplication in 13.051 seconds (process running for 14.423)
