2025-05-15 10:01:17.870 [background-preinit] INFO  o.h.validator.internal.util.Version - HV000001: Hibernate Validator 8.0.0.Final
2025-05-15 10:01:18.421 [main] INFO  com.paob.tms.TmsApplication - Starting TmsApplication using Java 17.0.0.1 with PID 30444 (D:\work\paob_tms1\target\classes started by wangxiaowen in D:\work\paob_tms1)
2025-05-15 10:01:18.424 [main] DEBUG com.paob.tms.TmsApplication - Running with Spring Boot v3.1.0, Spring v6.0.9
2025-05-15 10:01:18.424 [main] INFO  com.paob.tms.TmsApplication - The following 1 profile is active: "dev"
2025-05-15 10:01:40.473 [main] INFO  o.s.b.w.e.tomcat.TomcatWebServer - Tomcat initialized with port(s): 8080 (http)
2025-05-15 10:01:40.590 [main] INFO  o.a.coyote.http11.Http11NioProtocol - Initializing ProtocolHandler ["http-nio-8080"]
2025-05-15 10:01:40.592 [main] INFO  o.a.catalina.core.StandardService - Starting service [Tomcat]
2025-05-15 10:01:40.592 [main] INFO  o.a.catalina.core.StandardEngine - Starting Servlet engine: [Apache Tomcat/10.1.8]
2025-05-15 10:01:41.333 [main] INFO  o.a.c.c.C.[Tomcat].[localhost].[/] - Initializing Spring embedded WebApplicationContext
2025-05-15 10:01:41.333 [main] INFO  o.s.b.w.s.c.ServletWebServerApplicationContext - Root WebApplicationContext: initialization completed in 22166 ms
2025-05-15 10:01:44.684 [main] WARN  c.b.m.c.injector.DefaultSqlInjector - class com.paob.tms.model.FpsDwRepo ,Not found @TableId annotation, Cannot use Mybatis-Plus 'xxById' Method.
2025-05-15 10:01:44.763 [main] WARN  c.b.m.c.injector.DefaultSqlInjector - class com.paob.tms.model.RiskMonitoring ,Not found @TableId annotation, Cannot use Mybatis-Plus 'xxById' Method.
2025-05-15 10:01:44.842 [main] WARN  c.b.m.c.injector.DefaultSqlInjector - class com.paob.tms.dto.resp.SelectOptionResp ,Not found @TableId annotation, Cannot use Mybatis-Plus 'xxById' Method.
2025-05-15 10:01:45.052 [main] WARN  c.b.m.c.injector.DefaultSqlInjector - class com.paob.tms.dto.resp.SubjectBalanceDetailResp ,Not found @TableId annotation, Cannot use Mybatis-Plus 'xxById' Method.
2025-05-15 10:01:48.320 [main] WARN  o.s.b.a.s.s.UserDetailsServiceAutoConfiguration - 

Using generated security password: 41aaccac-91bb-45b5-a95b-60e91faadeea

This generated password is for development use only. Your security configuration must be updated before running your application in production.

2025-05-15 10:01:51.308 [main] INFO  o.s.s.web.DefaultSecurityFilterChain - Will secure any request with [org.springframework.security.web.session.DisableEncodeUrlFilter@191f4d65, org.springframework.security.web.context.request.async.WebAsyncManagerIntegrationFilter@7a2a7492, org.springframework.security.web.context.SecurityContextHolderFilter@53ba1175, org.springframework.security.web.header.HeaderWriterFilter@7dd45c93, org.springframework.security.web.authentication.logout.LogoutFilter@5b665a30, org.springframework.security.web.savedrequest.RequestCacheAwareFilter@6003220a, org.springframework.security.web.servletapi.SecurityContextHolderAwareRequestFilter@4fe2dd02, org.springframework.security.web.authentication.AnonymousAuthenticationFilter@6326c5ec, org.springframework.security.web.access.ExceptionTranslationFilter@542c65d9, org.springframework.security.web.access.intercept.AuthorizationFilter@7ab33ca8]
2025-05-15 10:01:52.964 [main] INFO  o.a.coyote.http11.Http11NioProtocol - Starting ProtocolHandler ["http-nio-8080"]
2025-05-15 10:01:53.051 [main] INFO  o.s.b.w.e.tomcat.TomcatWebServer - Tomcat started on port(s): 8080 (http) with context path ''
2025-05-15 10:01:53.076 [main] INFO  com.paob.tms.TmsApplication - Started TmsApplication in 40.743 seconds (process running for 46.688)
2025-05-15 10:45:44.858 [background-preinit] INFO  o.h.validator.internal.util.Version - HV000001: Hibernate Validator 8.0.0.Final
2025-05-15 10:45:45.014 [main] INFO  com.paob.tms.TmsApplication - Starting TmsApplication using Java 17.0.0.1 with PID 13912 (D:\work\paob_tms1\target\classes started by wangxiaowen in D:\work\paob_tms1)
2025-05-15 10:45:45.014 [main] DEBUG com.paob.tms.TmsApplication - Running with Spring Boot v3.1.0, Spring v6.0.9
2025-05-15 10:45:45.031 [main] INFO  com.paob.tms.TmsApplication - The following 1 profile is active: "dev"
2025-05-15 10:45:50.595 [main] INFO  o.s.b.w.e.tomcat.TomcatWebServer - Tomcat initialized with port(s): 8080 (http)
2025-05-15 10:45:50.612 [main] INFO  o.a.coyote.http11.Http11NioProtocol - Initializing ProtocolHandler ["http-nio-8080"]
2025-05-15 10:45:50.612 [main] INFO  o.a.catalina.core.StandardService - Starting service [Tomcat]
2025-05-15 10:45:50.612 [main] INFO  o.a.catalina.core.StandardEngine - Starting Servlet engine: [Apache Tomcat/10.1.8]
2025-05-15 10:45:50.850 [main] INFO  o.a.c.c.C.[Tomcat].[localhost].[/] - Initializing Spring embedded WebApplicationContext
2025-05-15 10:45:50.863 [main] INFO  o.s.b.w.s.c.ServletWebServerApplicationContext - Root WebApplicationContext: initialization completed in 5693 ms
2025-05-15 10:45:52.028 [main] WARN  c.b.m.c.injector.DefaultSqlInjector - class com.paob.tms.model.FpsDwRepo ,Not found @TableId annotation, Cannot use Mybatis-Plus 'xxById' Method.
2025-05-15 10:45:52.086 [main] WARN  c.b.m.c.injector.DefaultSqlInjector - class com.paob.tms.model.RiskMonitoring ,Not found @TableId annotation, Cannot use Mybatis-Plus 'xxById' Method.
2025-05-15 10:45:52.129 [main] WARN  c.b.m.c.injector.DefaultSqlInjector - class com.paob.tms.dto.resp.SelectOptionResp ,Not found @TableId annotation, Cannot use Mybatis-Plus 'xxById' Method.
2025-05-15 10:45:52.169 [main] WARN  c.b.m.c.injector.DefaultSqlInjector - class com.paob.tms.dto.resp.SubjectBalanceDetailResp ,Not found @TableId annotation, Cannot use Mybatis-Plus 'xxById' Method.
2025-05-15 10:45:53.632 [main] WARN  o.s.b.a.s.s.UserDetailsServiceAutoConfiguration - 

Using generated security password: 40820f65-ba43-47fd-843c-a3c9f20ae843

This generated password is for development use only. Your security configuration must be updated before running your application in production.

2025-05-15 10:45:54.226 [main] INFO  o.s.s.web.DefaultSecurityFilterChain - Will secure any request with [org.springframework.security.web.session.DisableEncodeUrlFilter@3e8b8f0, org.springframework.security.web.context.request.async.WebAsyncManagerIntegrationFilter@5ad57e90, org.springframework.security.web.context.SecurityContextHolderFilter@1a2724d3, org.springframework.security.web.header.HeaderWriterFilter@5817f1ca, org.springframework.security.web.authentication.logout.LogoutFilter@21e484b, org.springframework.security.web.savedrequest.RequestCacheAwareFilter@1c2dd89b, org.springframework.security.web.servletapi.SecurityContextHolderAwareRequestFilter@5ef2cbe6, org.springframework.security.web.authentication.AnonymousAuthenticationFilter@1a345298, org.springframework.security.web.access.ExceptionTranslationFilter@4fe2dd02, org.springframework.security.web.access.intercept.AuthorizationFilter@5731caaf]
2025-05-15 10:45:54.662 [main] INFO  o.a.coyote.http11.Http11NioProtocol - Starting ProtocolHandler ["http-nio-8080"]
2025-05-15 10:45:54.704 [main] INFO  o.s.b.w.e.tomcat.TomcatWebServer - Tomcat started on port(s): 8080 (http) with context path ''
2025-05-15 10:45:54.719 [main] INFO  com.paob.tms.TmsApplication - Started TmsApplication in 11.33 seconds (process running for 13.078)
